---
source: src/ui/mod.rs
expression: "table(&App::with_game(g), 74, 32)"
---
"                   ▜▛▜▖▜▛  ▗█▖ ▗▛▜▖▜▌▐▌ ▝█▘▗█▖ ▗▛▜▖▜▌▐▌                   "
"                   ▐▙▟▘▐▌  █ █ █   ▐▙▛   █ █ █ █   ▐▙▛                    "
"                   ▐▌▐▌▐▌▗▌█▀█ ▜▖▗▖▐▌▜▖█ █ █▀█ ▜▖▗▖▐▌▜▖                   "
"                   ▀▀▀ ▀▀▀▘▀ ▀  ▀▀ ▀▘▝▘▝▀▘ ▀ ▀  ▀▀ ▀▘▝▘                   "
"                                                                          "
"   DEALER  showing 10                                                     "
"                              ╭───╭───────╮                               "
"                              │10♦│╱╲╱╲╱╲╱│                               "
"                              │ ♦ │╲╱╲╱╲╱╲│                               "
"                              │ ♦ │╱╲╱╲╱╲╱│                               "
"                              │   │╲╱╲╱╲╱╲│                               "
"                              │ ♦ │╱╲╱╲╱╲╱│                               "
"                              │ ♦ │╲╱╲╱╲╱╲│                               "
"                              │   │╱╲╱╲╱╲╱│                               "
"                              ╰───╰───────╯                               "
"                                   ▄▄▄                                    "
"                                   100                                    "
"                                   ▀▀▀                                    "
"                                                                          "
"   ▸ HAND 1  13        HAND 2  13        HAND 3  13         HAND 4  13    "
" ╭───╭───╭───────╮ ╭───╭───╭───────╮  ╭───╭───╭───────╮ ╭───╭───╭───────╮ "
" │8♠ │3♦ │2♣     │ │8♠ │3♦ │2♣     │  │8♠ │3♦ │2♣     │ │8♠ │3♦ │2♣     │ "
" │ ♠ │   │   ♣   │ │ ♠ │   │   ♣   │  │ ♠ │   │   ♣   │ │ ♠ │   │   ♣   │ "
" │   │   │       │ │   │   │       │  │   │   │       │ │   │   │       │ "
" │ ♠ │   │       │ │ ♠ │   │       │  │ ♠ │   │       │ │ ♠ │   │       │ "
" │   │   │       │ │   │   │       │  │   │   │       │ │   │   │       │ "
" │ ♠ │   │   ♣   │ │ ♠ │   │   ♣   │  │ ♠ │   │   ♣   │ │ ♠ │   │   ♣   │ "
" │   │   │     ♣2│ │   │   │     ♣2│  │   │   │     ♣2│ │   │   │     ♣2│ "
" ╰───╰───╰───────╯ ╰───╰───╰───────╯  ╰───╰───╰───────╯ ╰───╰───╰───────╯ "
" ─────────────────                                                        "
"   Your move.                      $400  shoe 312  count +7 (+1.2 true)   "
"   H hit  S stand  D double  P split  R fold  C count  Q quit             "
