---
source: src/ui/mod.rs
expression: "table(&app, 74, 32)"
---
"                   ▜▛▜▖▜▛  ▗█▖ ▗▛▜▖▜▌▐▌ ▝█▘▗█▖ ▗▛▜▖▜▌▐▌                   "
"                   ▐▙▟▘▐▌  █ █ █   ▐▙▛   █ █ █ █   ▐▙▛                    "
"                   ▐▌▐▌▐▌▗▌█▀█ ▜▖▗▖▐▌▜▖█ █ █▀█ ▜▖▗▖▐▌▜▖                   "
"                   ▀▀▀ ▀▀▀▘▀ ▀  ▀▀ ▀▘▝▘▝▀▘ ▀ ▀  ▀▀ ▀▘▝▘                   "
"                                                                          "
"   DEALER  showing 10                                                     "
"                              ╭───╭───────╮                               "
"                              │10♦│╱╲╱╲╱╲╱│                               "
"                              │ ♦ │╲╱╲╱╲╱╲│                               "
"                              │ ♦ │╱╲╱╲╱╲╱│                               "
"                              │   │╲╱╲╱╲╱╲│                               "
"                              │ ♦ │╱╲╱╲╱╲╱│                               "
"                              │ ♦ │╲╱╲╱╲╱╲│                               "
"                              │   │╱╲╱╲╱╲╱│                               "
"                              ╰───╰───────╯                               "
"                                   ▄▄▄                                    "
"                                   25                                     "
"                                   ▀▀▀                                    "
"                                                                          "
"   YOU  soft 18                                                           "
"                              ╭───╭───────╮                               "
"                              │A♠ │7♥     │                               "
"                              │   │ ♥   ♥ │                               "
"                              │   │   ♥   │                               "
"                              │   │ ♥   ♥ │                               "
"                              │   │       │                               "
"                              │   │ ♥   ♥ │                               "
"                              │   │     ♥7│                               "
"                              ╰───╰───────╯                               "
"                                                                          "
"   Your move.                      $475  shoe 312  count -2 (-0.3 true)   "
"   H hit  S stand  D double  P split  R fold  C count  Q quit             "
